// Jest Snapshot v1, https://goo.gl/fbAQLP

exports[`renders the home page 1`] = `
{
  "asFragment": [Function],
  "baseElement": <body>
    <div>
      <main
        class="flex flex-col items-center justify-center h-screen"
      >
        <div
          class="p-4"
        >
          <h1
            class="text-3xl font-bold text-center"
          >
            Welcome to the Scaling Waffle
          </h1>
          <h2
            class="mt-4 text-1xl text-center"
          >
            The recipes that scale with your hunger
          </h2>
        </div>
        <a
          class="btn btn-lg"
          href="/recipes"
          role="button"
        >
          View Recipes
        </a>
      </main>
    </div>
  </body>,
  "container": <div>
    <main
      class="flex flex-col items-center justify-center h-screen"
    >
      <div
        class="p-4"
      >
        <h1
          class="text-3xl font-bold text-center"
        >
          Welcome to the Scaling Waffle
        </h1>
        <h2
          class="mt-4 text-1xl text-center"
        >
          The recipes that scale with your hunger
        </h2>
      </div>
      <a
        class="btn btn-lg"
        href="/recipes"
        role="button"
      >
        View Recipes
      </a>
    </main>
  </div>,
  "debug": [Function],
  "findAllByAltText": [Function],
  "findAllByDisplayValue": [Function],
  "findAllByLabelText": [Function],
  "findAllByPlaceholderText": [Function],
  "findAllByRole": [Function],
  "findAllByTestId": [Function],
  "findAllByText": [Function],
  "findAllByTitle": [Function],
  "findByAltText": [Function],
  "findByDisplayValue": [Function],
  "findByLabelText": [Function],
  "findByPlaceholderText": [Function],
  "findByRole": [Function],
  "findByTestId": [Function],
  "findByText": [Function],
  "findByTitle": [Function],
  "getAllByAltText": [Function],
  "getAllByDisplayValue": [Function],
  "getAllByLabelText": [Function],
  "getAllByPlaceholderText": [Function],
  "getAllByRole": [Function],
  "getAllByTestId": [Function],
  "getAllByText": [Function],
  "getAllByTitle": [Function],
  "getByAltText": [Function],
  "getByDisplayValue": [Function],
  "getByLabelText": [Function],
  "getByPlaceholderText": [Function],
  "getByRole": [Function],
  "getByTestId": [Function],
  "getByText": [Function],
  "getByTitle": [Function],
  "queryAllByAltText": [Function],
  "queryAllByDisplayValue": [Function],
  "queryAllByLabelText": [Function],
  "queryAllByPlaceholderText": [Function],
  "queryAllByRole": [Function],
  "queryAllByTestId": [Function],
  "queryAllByText": [Function],
  "queryAllByTitle": [Function],
  "queryByAltText": [Function],
  "queryByDisplayValue": [Function],
  "queryByLabelText": [Function],
  "queryByPlaceholderText": [Function],
  "queryByRole": [Function],
  "queryByTestId": [Function],
  "queryByText": [Function],
  "queryByTitle": [Function],
  "rerender": [Function],
  "unmount": [Function],
}
`;
