// Jest Snapshot v1, https://goo.gl/fbAQLP

exports[`renders a list of items with a template 1`] = `
{
  "asFragment": [Function],
  "baseElement": <body>
    <div>
      <div
        class="flex flex-row flex-wrap justify-center"
      >
        <div>
          Hello world!
        </div>
        <div>
          Goodbye world!
        </div>
      </div>
      <div
        class="flex flex-row justify-center"
      >
        <ul
          aria-label="Pagination"
          class="join fixed bottom-0"
          role="navigation"
        >
          <li
            class="join-item btn btn-square no-animation disabled"
          >
            <a
              aria-disabled="true"
              aria-label="Previous page"
              class=" "
              rel="prev"
              role="button"
              tabindex="-1"
            >
              <svg
                aria-hidden="true"
                class="h-6 w-6"
                fill="none"
                stroke="currentColor"
                stroke-width="2"
                viewBox="0 0 24 24"
                xmlns="http://www.w3.org/2000/svg"
              >
                <path
                  d="M10 19l-7-7m0 0l7-7m-7 7h18"
                  stroke-linecap="round"
                  stroke-linejoin="round"
                />
              </svg>
            </a>
          </li>
          <li
            class="selected"
          >
            <a
              aria-current="page"
              aria-label="Page 1 is your current page"
              class="join-item btn btn-square no-animation bg-black"
              rel="canonical"
              role="button"
              tabindex="-1"
            >
              1
            </a>
          </li>
          <li
            class="join-item btn btn-square no-animation disabled"
          >
            <a
              aria-disabled="true"
              aria-label="Next page"
              class=" "
              rel="next"
              role="button"
              tabindex="-1"
            >
              <svg
                aria-hidden="true"
                class="h-6 w-6"
                fill="none"
                stroke="currentColor"
                stroke-width="2"
                viewBox="0 0 24 24"
                xmlns="http://www.w3.org/2000/svg"
              >
                <path
                  d="M14 5l7 7m0 0l-7 7m7-7H3"
                  stroke-linecap="round"
                  stroke-linejoin="round"
                />
              </svg>
            </a>
          </li>
        </ul>
      </div>
    </div>
  </body>,
  "container": <div>
    <div
      class="flex flex-row flex-wrap justify-center"
    >
      <div>
        Hello world!
      </div>
      <div>
        Goodbye world!
      </div>
    </div>
    <div
      class="flex flex-row justify-center"
    >
      <ul
        aria-label="Pagination"
        class="join fixed bottom-0"
        role="navigation"
      >
        <li
          class="join-item btn btn-square no-animation disabled"
        >
          <a
            aria-disabled="true"
            aria-label="Previous page"
            class=" "
            rel="prev"
            role="button"
            tabindex="-1"
          >
            <svg
              aria-hidden="true"
              class="h-6 w-6"
              fill="none"
              stroke="currentColor"
              stroke-width="2"
              viewBox="0 0 24 24"
              xmlns="http://www.w3.org/2000/svg"
            >
              <path
                d="M10 19l-7-7m0 0l7-7m-7 7h18"
                stroke-linecap="round"
                stroke-linejoin="round"
              />
            </svg>
          </a>
        </li>
        <li
          class="selected"
        >
          <a
            aria-current="page"
            aria-label="Page 1 is your current page"
            class="join-item btn btn-square no-animation bg-black"
            rel="canonical"
            role="button"
            tabindex="-1"
          >
            1
          </a>
        </li>
        <li
          class="join-item btn btn-square no-animation disabled"
        >
          <a
            aria-disabled="true"
            aria-label="Next page"
            class=" "
            rel="next"
            role="button"
            tabindex="-1"
          >
            <svg
              aria-hidden="true"
              class="h-6 w-6"
              fill="none"
              stroke="currentColor"
              stroke-width="2"
              viewBox="0 0 24 24"
              xmlns="http://www.w3.org/2000/svg"
            >
              <path
                d="M14 5l7 7m0 0l-7 7m7-7H3"
                stroke-linecap="round"
                stroke-linejoin="round"
              />
            </svg>
          </a>
        </li>
      </ul>
    </div>
  </div>,
  "debug": [Function],
  "findAllByAltText": [Function],
  "findAllByDisplayValue": [Function],
  "findAllByLabelText": [Function],
  "findAllByPlaceholderText": [Function],
  "findAllByRole": [Function],
  "findAllByTestId": [Function],
  "findAllByText": [Function],
  "findAllByTitle": [Function],
  "findByAltText": [Function],
  "findByDisplayValue": [Function],
  "findByLabelText": [Function],
  "findByPlaceholderText": [Function],
  "findByRole": [Function],
  "findByTestId": [Function],
  "findByText": [Function],
  "findByTitle": [Function],
  "getAllByAltText": [Function],
  "getAllByDisplayValue": [Function],
  "getAllByLabelText": [Function],
  "getAllByPlaceholderText": [Function],
  "getAllByRole": [Function],
  "getAllByTestId": [Function],
  "getAllByText": [Function],
  "getAllByTitle": [Function],
  "getByAltText": [Function],
  "getByDisplayValue": [Function],
  "getByLabelText": [Function],
  "getByPlaceholderText": [Function],
  "getByRole": [Function],
  "getByTestId": [Function],
  "getByText": [Function],
  "getByTitle": [Function],
  "queryAllByAltText": [Function],
  "queryAllByDisplayValue": [Function],
  "queryAllByLabelText": [Function],
  "queryAllByPlaceholderText": [Function],
  "queryAllByRole": [Function],
  "queryAllByTestId": [Function],
  "queryAllByText": [Function],
  "queryAllByTitle": [Function],
  "queryByAltText": [Function],
  "queryByDisplayValue": [Function],
  "queryByLabelText": [Function],
  "queryByPlaceholderText": [Function],
  "queryByRole": [Function],
  "queryByTestId": [Function],
  "queryByText": [Function],
  "queryByTitle": [Function],
  "rerender": [Function],
  "unmount": [Function],
}
`;
